// Jest Snapshot v1, https://goo.gl/fbAQLP

exports[`PageIcon renders correctly 1`] = `
<div
  className="sc-bdfBwQ mEpND"
>
  <span>
    ❤️
  </span>
</div>
`;
